node_modules/@reactflow/background/dist/esm/Background.d.ts(1,8): error TS1259: Module '"C:/Users/91700/Desktop/AIAAS/better-n8n-frontend/node_modules/@types/react/index"' can only be default-imported using the 'esModuleInterop' flag
node_modules/@reactflow/background/dist/esm/Background.d.ts(3,120): error TS2503: Cannot find namespace 'JSX'.
node_modules/@reactflow/controls/dist/esm/Controls.d.ts(1,8): error TS1259: Module '"C:/Users/91700/Desktop/AIAAS/better-n8n-frontend/node_modules/@types/react/index"' can only be default-imported using the 'esModuleInterop' flag
node_modules/@reactflow/core/dist/esm/components/Edges/BaseEdge.d.ts(4,185): error TS2503: Cannot find namespace 'JSX'.
node_modules/@reactflow/core/dist/esm/components/Edges/BezierEdge.d.ts(1,8): error TS1259: Module '"C:/Users/91700/Desktop/AIAAS/better-n8n-frontend/node_modules/@types/react/index"' can only be default-imported using the 'esModuleInterop' flag
node_modules/@reactflow/core/dist/esm/components/Edges/BezierEdge.d.ts(14,292): error TS2503: Cannot find namespace 'JSX'.
node_modules/@reactflow/core/dist/esm/components/Edges/EdgeText.d.ts(1,8): error TS1259: Module '"C:/Users/91700/Desktop/AIAAS/better-n8n-frontend/node_modules/@types/react/index"' can only be default-imported using the 'esModuleInterop' flag
node_modules/@reactflow/core/dist/esm/components/Edges/SimpleBezierEdge.d.ts(1,8): error TS1259: Module '"C:/Users/91700/Desktop/AIAAS/better-n8n-frontend/node_modules/@types/react/index"' can only be default-imported using the 'esModuleInterop' flag
node_modules/@reactflow/core/dist/esm/components/Edges/SimpleBezierEdge.d.ts(13,279): error TS2503: Cannot find namespace 'JSX'.
node_modules/@reactflow/core/dist/esm/components/Edges/SmoothStepEdge.d.ts(1,8): error TS1259: Module '"C:/Users/91700/Desktop/AIAAS/better-n8n-frontend/node_modules/@types/react/index"' can only be default-imported using the 'esModuleInterop' flag
node_modules/@reactflow/core/dist/esm/components/Edges/SmoothStepEdge.d.ts(17,300): error TS2503: Cannot find namespace 'JSX'.
node_modules/@reactflow/core/dist/esm/components/Edges/StepEdge.d.ts(1,8): error TS1259: Module '"C:/Users/91700/Desktop/AIAAS/better-n8n-frontend/node_modules/@types/react/index"' can only be default-imported using the 'esModuleInterop' flag
node_modules/@reactflow/core/dist/esm/components/Edges/StepEdge.d.ts(3,83): error TS2503: Cannot find namespace 'JSX'.
node_modules/@reactflow/core/dist/esm/components/Edges/StraightEdge.d.ts(1,8): error TS1259: Module '"C:/Users/91700/Desktop/AIAAS/better-n8n-frontend/node_modules/@types/react/index"' can only be default-imported using the 'esModuleInterop' flag
node_modules/@reactflow/core/dist/esm/components/Edges/StraightEdge.d.ts(10,243): error TS2503: Cannot find namespace 'JSX'.
node_modules/@reactflow/core/dist/esm/components/Handle/index.d.ts(1,8): error TS1259: Module '"C:/Users/91700/Desktop/AIAAS/better-n8n-frontend/node_modules/@types/react/index"' can only be default-imported using the 'esModuleInterop' flag
node_modules/@reactflow/core/dist/esm/components/Panel/index.d.ts(7,88): error TS2503: Cannot find namespace 'JSX'.
node_modules/@reactflow/core/dist/esm/container/ReactFlow/index.d.ts(1,8): error TS1259: Module '"C:/Users/91700/Desktop/AIAAS/better-n8n-frontend/node_modules/@types/react/index"' can only be default-imported using the 'esModuleInterop' flag
node_modules/@reactflow/minimap/dist/esm/MiniMap.d.ts(1,8): error TS1259: Module '"C:/Users/91700/Desktop/AIAAS/better-n8n-frontend/node_modules/@types/react/index"' can only be default-imported using the 'esModuleInterop' flag
node_modules/@reactflow/minimap/dist/esm/MiniMap.d.ts(3,300): error TS2503: Cannot find namespace 'JSX'.
node_modules/@reactflow/node-resizer/dist/esm/NodeResizer.d.ts(3,254): error TS2503: Cannot find namespace 'JSX'.
node_modules/@reactflow/node-resizer/dist/esm/ResizeControl.d.ts(1,8): error TS1259: Module '"C:/Users/91700/Desktop/AIAAS/better-n8n-frontend/node_modules/@types/react/index"' can only be default-imported using the 'esModuleInterop' flag
node_modules/@reactflow/node-resizer/dist/esm/ResizeControl.d.ts(3,231): error TS2503: Cannot find namespace 'JSX'.
node_modules/@reactflow/node-resizer/dist/esm/ResizeControl.d.ts(4,75): error TS2503: Cannot find namespace 'JSX'.
node_modules/@reactflow/node-toolbar/dist/esm/NodeToolbar.d.ts(3,134): error TS2503: Cannot find namespace 'JSX'.
node_modules/react-router-dom/dist/index.d.ts(1,69): error TS2307: Cannot find module 'react-router/dom' or its corresponding type declarations.
  There are types at 'C:/Users/91700/Desktop/AIAAS/better-n8n-frontend/node_modules/react-router/dist/development/dom-export.d.mts', but this result could not be resolved under your current 'moduleResolution' setting. Consider updating to 'node16', 'nodenext', or 'bundler'.
node_modules/react-router/dist/development/index.d.ts(4,8): error TS1259: Module '"C:/Users/91700/Desktop/AIAAS/better-n8n-frontend/node_modules/@types/react/index"' can only be default-imported using the 'esModuleInterop' flag
node_modules/react-router/dist/development/instrumentation-DvHY1sgY.d.ts(408,5): error TS18028: Private identifiers are only available when targeting ECMAScript 2015 and higher.
node_modules/sonner/dist/index.d.ts(1,8): error TS1259: Module '"C:/Users/91700/Desktop/AIAAS/better-n8n-frontend/node_modules/@types/react/index"' can only be default-imported using the 'esModuleInterop' flag
src/api/auth.ts(40,25): error TS1343: The 'import.meta' meta-property is only allowed when the '--module' option is 'es2020', 'es2022', 'esnext', 'system', 'node16', 'node18', 'node20', or 'nodenext'.
src/api/auth.ts(40,37): error TS2339: Property 'env' does not exist on type 'ImportMeta'.
src/api/client.ts(11,17): error TS1343: The 'import.meta' meta-property is only allowed when the '--module' option is 'es2020', 'es2022', 'esnext', 'system', 'node16', 'node18', 'node20', or 'nodenext'.
src/api/client.ts(11,29): error TS2339: Property 'env' does not exist on type 'ImportMeta'.
src/components/credentials/CredentialModal.tsx(119,20): error TS1343: The 'import.meta' meta-property is only allowed when the '--module' option is 'es2020', 'es2022', 'esnext', 'system', 'node16', 'node18', 'node20', or 'nodenext'.
src/components/credentials/CredentialModal.tsx(119,32): error TS2339: Property 'env' does not exist on type 'ImportMeta'.
src/lib/validateWorkflow.ts(152,21): error TS2802: Type 'Set<string>' can only be iterated through when using the '--downlevelIteration' flag or with a '--target' of 'es2015' or higher.
src/lib/validateWorkflow.ts(153,21): error TS2802: Type 'Set<string>' can only be iterated through when using the '--downlevelIteration' flag or with a '--target' of 'es2015' or higher.
